[18:20:01] [ServerMain/INFO]: [bootstrap] Running Java 25 (OpenJDK 64-Bit Server VM 25.0.2+10-LTS; Microsoft Microsoft-13053558) on Linux 6.8.0-1044-azure (amd64)
[18:20:01] [ServerMain/INFO]: [bootstrap] Loading Paper 1.21.4-224-main@0cf7315 (2025-04-07T12:01:39Z) for Minecraft 1.21.4
[18:20:02] [ServerMain/INFO]: [PluginInitializerManager] Initializing plugins...
[18:20:04] [ServerMain/INFO]: [PluginInitializerManager] Initialized 7 plugins
[18:20:04] [ServerMain/INFO]: [PluginInitializerManager] Paper plugins (1):
 - EconomyShopGUI (6.16.3)
[18:20:04] [ServerMain/INFO]: [PluginInitializerManager] Bukkit plugins (6):
 - Essentials (2.21.2), Vault (1.7.3-b131), ViaBackwards (5.9.2-SNAPSHOT), ViaRewind (4.1.1), ViaRewind-Legacy-Support (1.5.2), ViaVersion (5.9.2-SNAPSHOT)
[18:20:13] [ServerMain/INFO]: Environment: Environment[sessionHost=https://sessionserver.mojang.com, servicesHost=https://api.minecraftservices.com, name=PROD]
[18:20:13] [ServerMain/INFO]: Found new data pack file/bukkit, loading it automatically
[18:20:13] [ServerMain/INFO]: Found new data pack paper, loading it automatically
[18:20:16] [ServerMain/INFO]: No existing world data, creating new world
[18:20:17] [ServerMain/INFO]: Loaded 1370 recipes
[18:20:17] [ServerMain/INFO]: Loaded 1481 advancements
[18:20:17] [ServerMain/INFO]: [MCTypeRegistry] Initialising converters for DataConverter...
[18:20:18] [ServerMain/INFO]: [MCTypeRegistry] Finished initialising converters for DataConverter in 579.7ms
[18:20:18] [Server thread/INFO]: Starting minecraft server version 1.21.4
[18:20:18] [Server thread/INFO]: Loading properties
[18:20:18] [Server thread/INFO]: This server is running Paper version 1.21.4-224-main@0cf7315 (2025-04-07T12:01:39Z) (Implementing API version 1.21.4-R0.1-SNAPSHOT)
[18:20:18] [Server thread/INFO]: [spark] This server bundles the spark profiler. For more information please visit https://docs.papermc.io/paper/profiling
[18:20:18] [Server thread/INFO]: Server Ping Player Sample Count: 12
[18:20:18] [Server thread/INFO]: Using 4 threads for Netty based IO
[18:20:20] [Server thread/INFO]: [MoonriseCommon] Paper is using 1 worker threads, 1 I/O threads
[18:20:20] [Server thread/INFO]: [ChunkTaskScheduler] Chunk system is using population gen parallelism: true
[18:20:20] [Server thread/INFO]: Default game type: SURVIVAL
[18:20:20] [Server thread/INFO]: Generating keypair
[18:20:21] [Server thread/INFO]: Starting Minecraft server on *:25565
[18:20:21] [Server thread/INFO]: Using epoll channel type
[18:20:21] [Server thread/INFO]: Paper: Using libdeflate (Linux x86_64) compression from Velocity.
[18:20:21] [Server thread/INFO]: Paper: Using OpenSSL 3.x.x (Linux x86_64) cipher from Velocity.
[18:20:22] [Server thread/INFO]: [ViaVersion] Loading server plugin ViaVersion v5.9.2-SNAPSHOT
[18:20:22] [Server thread/INFO]: [ViaVersion] ViaVersion 5.9.2-SNAPSHOT is now loaded. Registering protocol transformers and injecting...
[18:20:23] [Via-Mappingloader-1/INFO]: [ViaVersion] Loading block connection mappings ...
[18:20:24] [Server thread/INFO]: [ViaBackwards] Loading translations...
[18:20:24] [Server thread/INFO]: [ViaBackwards] Registering protocols...
[18:20:25] [Server thread/INFO]: [ViaRewind] Registering protocols...
[18:20:25] [Server thread/INFO]: [ViaBackwards] Loading server plugin ViaBackwards v5.9.2-SNAPSHOT
[18:20:25] [Server thread/INFO]: [Vault] Loading server plugin Vault v1.7.3-b131
[18:20:25] [Server thread/INFO]: [ViaRewind] Loading server plugin ViaRewind v4.1.1
[18:20:25] [Server thread/INFO]: [Essentials] Loading server plugin Essentials v2.21.2
[18:20:25] [Server thread/INFO]: [ViaRewind-Legacy-Support] Loading server plugin ViaRewind-Legacy-Support v1.5.2
[18:20:25] [Server thread/INFO]: [EconomyShopGUI] Loading server plugin EconomyShopGUI v6.16.3
[18:20:25] [Server thread/INFO]: Server permissions file permissions.yml is empty, ignoring it
[18:20:25] [Server thread/INFO]: [Vault] Enabling Vault v1.7.3-b131
[18:20:25] [Server thread/INFO]: [Vault] [Economy] Essentials Economy found: Waiting
[18:20:25] [Server thread/INFO]: [Vault] [Permission] SuperPermissions loaded as backup permission system.
[18:20:26] [Server thread/INFO]: [Vault] Enabled Version 1.7.3-b131
[18:20:26] [Server thread/INFO]: [ViaRewind] Enabling ViaRewind v4.1.1
[18:20:26] [Server thread/WARN]: **** SERVER IS RUNNING IN OFFLINE/INSECURE MODE!
[18:20:26] [Server thread/WARN]: The server will make no attempt to authenticate usernames. Beware.
[18:20:26] [Server thread/WARN]: Whilst this makes it possible to use BungeeCord, unless access to your server is properly restricted, it also opens up the ability for hackers to connect with any username they choose.
[18:20:26] [Server thread/WARN]: Please see http://www.spigotmc.org/wiki/firewall-guide/ for further information.
[18:20:26] [Server thread/WARN]: To change this, set "online-mode" to "true" in the server.properties file.
[18:20:26] [Server thread/INFO]: Preparing level "world"
[18:20:44] [Server thread/INFO]: Preparing start region for dimension minecraft:overworld
[18:20:44] [Server thread/INFO]: Preparing spawn area: 2%
[18:20:45] [Server thread/INFO]: Preparing spawn area: 2%
[18:20:45] [Server thread/INFO]: Preparing spawn area: 2%
[18:20:45] [Server thread/INFO]: Preparing spawn area: 2%
[18:20:46] [Server thread/INFO]: Preparing spawn area: 2%
[18:20:46] [Server thread/INFO]: Preparing spawn area: 2%
[18:20:47] [Server thread/INFO]: Preparing spawn area: 2%
[18:20:47] [Server thread/INFO]: Preparing spawn area: 2%
[18:20:48] [Server thread/INFO]: Preparing spawn area: 4%
[18:20:48] [Server thread/INFO]: Preparing spawn area: 8%
[18:20:49] [Server thread/INFO]: Preparing spawn area: 14%
[18:20:49] [Server thread/INFO]: Preparing spawn area: 18%
[18:20:50] [Server thread/INFO]: Preparing spawn area: 18%
[18:20:50] [Server thread/INFO]: Preparing spawn area: 18%
[18:20:51] [Server thread/INFO]: Preparing spawn area: 18%
[18:20:51] [Server thread/INFO]: Preparing spawn area: 18%
[18:20:52] [Server thread/INFO]: Preparing spawn area: 36%
[18:20:53] [Server thread/INFO]: Preparing spawn area: 38%
[18:20:53] [Server thread/INFO]: Preparing spawn area: 51%
[18:20:53] [Server thread/INFO]: Preparing spawn area: 51%
[18:20:54] [Server thread/INFO]: Preparing spawn area: 51%
[18:20:54] [Server thread/INFO]: Preparing spawn area: 53%
[18:20:55] [Server thread/INFO]: Preparing spawn area: 63%
[18:20:55] [Server thread/INFO]: Preparing spawn area: 65%
[18:20:56] [Server thread/INFO]: Time elapsed: 12003 ms
[18:20:56] [Server thread/INFO]: Preparing start region for dimension minecraft:the_nether
[18:20:56] [Server thread/INFO]: Preparing spawn area: 2%
[18:20:56] [Server thread/INFO]: Preparing spawn area: 4%
[18:20:57] [Server thread/INFO]: Preparing spawn area: 8%
[18:20:57] [Server thread/INFO]: Preparing spawn area: 18%
[18:20:58] [Server thread/INFO]: Preparing spawn area: 24%
[18:20:58] [Server thread/INFO]: Preparing spawn area: 51%
[18:20:59] [Server thread/INFO]: Preparing spawn area: 61%
[18:20:59] [Server thread/INFO]: Time elapsed: 3419 ms
[18:20:59] [Server thread/INFO]: Preparing start region for dimension minecraft:the_end
[18:20:59] [Server thread/INFO]: Preparing spawn area: 2%
[18:21:00] [Server thread/INFO]: Preparing spawn area: 22%
[18:21:00] [Server thread/INFO]: Time elapsed: 779 ms
[18:21:00] [Server thread/INFO]: [ViaVersion] Enabling ViaVersion v5.9.2-SNAPSHOT
[18:21:00] [Server thread/INFO]: [ViaVersion] ViaVersion detected server version: 1.21.4 (769)
[18:21:00] [Server thread/INFO]: [ViaBackwards] Enabling ViaBackwards v5.9.2-SNAPSHOT
[18:21:00] [Server thread/INFO]: [Essentials] Enabling Essentials v2.21.2
[18:21:01] [Server thread/ERROR]: [Essentials] You are running an unsupported server version!
[18:21:02] [Server thread/INFO]: [Essentials] Attempting to convert old kits in config.yml to new kits.yml
[18:21:02] [Server thread/INFO]: [Essentials] No kits found to migrate.
[18:21:02] [Server thread/INFO]: [Essentials] Selected Paper Known Commands Provider as the provider for KnownCommandsProvider
[18:21:02] [Server thread/INFO]: [Essentials] Selected Paper Biome Key Provider as the provider for BiomeKeyProvider
[18:21:02] [Server thread/INFO]: [Essentials] Selected 1.11+ Item Unbreakable Provider as the provider for ItemUnbreakableProvider
[18:21:02] [Server thread/INFO]: [Essentials] Selected 1.20.5+ Banner Data Provider as the provider for BannerDataProvider
[18:21:02] [Server thread/INFO]: [Essentials] Selected Paper Server State Provider as the provider for ServerStateProvider
[18:21:02] [Server thread/INFO]: [Essentials] Selected Paper Serialization Provider as the provider for SerializationProvider
[18:21:02] [Server thread/INFO]: [Essentials] Selected 1.13+ Spawn Egg Provider as the provider for SpawnEggProvider
[18:21:02] [Server thread/INFO]: [Essentials] Selected 1.12+ Spawner Block Provider as the provider for SpawnerBlockProvider
[18:21:02] [Server thread/INFO]: [Essentials] Selected Legacy Biome Name Provider as the provider for BiomeNameProvider
[18:21:02] [Server thread/INFO]: [Essentials] Selected Reflection Formatted Command Alias Provider as the provider for FormattedCommandAliasProvider
[18:21:02] [Server thread/INFO]: [Essentials] Selected 1.17.1+ World Info Provider as the provider for WorldInfoProvider
[18:21:02] [Server thread/INFO]: [Essentials] Selected 1.8.3+ Spawner Item Provider as the provider for SpawnerItemProvider
[18:21:02] [Server thread/INFO]: [Essentials] Selected 1.14+ Sign Data Provider as the provider for SignDataProvider
[18:21:02] [Server thread/INFO]: [Essentials] Selected Paper Material Tag Provider as the provider for MaterialTagProvider
[18:21:02] [Server thread/INFO]: [Essentials] Selected 1.21+ InventoryView Interface ABI Provider as the provider for InventoryViewProvider
[18:21:02] [Server thread/INFO]: [Essentials] Selected 1.14.4+ Persistent Data Container Provider as the provider for PersistentDataProvider
[18:21:02] [Server thread/INFO]: [Essentials] Selected 1.20.4+ Damage Event Provider as the provider for DamageEventProvider
[18:21:02] [Server thread/INFO]: [Essentials] Selected 1.12.2+ Player Locale Provider as the provider for PlayerLocaleProvider
[18:21:02] [Server thread/INFO]: [Essentials] Selected 1.20.6+ Potion Meta Provider as the provider for PotionMetaProvider
[18:21:02] [Server thread/INFO]: [Essentials] Selected Paper Container Provider as the provider for ContainerProvider
[18:21:02] [Server thread/INFO]: [Essentials] Selected Paper Tick Count Provider as the provider for TickCountProvider
[18:21:02] [Server thread/INFO]: [Essentials] Selected Reflection Online Mode Provider as the provider for OnlineModeProvider
[18:21:02] [Server thread/INFO]: [Essentials] Selected 1.21.4+ Sync Commands Provider as the provider for SyncCommandsProvider
[18:21:02] [Server thread/INFO]: [Essentials] Loaded 43880 items from items.json.
[18:21:02] [Server thread/INFO]: [Essentials] Using locale en
[18:21:03] [Server thread/INFO]: [Essentials] ServerListPingEvent: Spigot iterator API
[18:21:03] [Server thread/INFO]: [Essentials] Starting Metrics. Opt-out using the global bStats config.
[18:21:03] [Server thread/INFO]: [Vault] [Economy] Essentials Economy hooked.
[18:21:03] [Server thread/INFO]: [Essentials] Using superperms-based permissions.
[18:21:03] [Server thread/INFO]: [ViaRewind-Legacy-Support] Enabling ViaRewind-Legacy-Support v1.5.2
[18:21:03] [Server thread/INFO]: [EconomyShopGUI] Enabling EconomyShopGUI v6.16.3
[18:21:03] [Server thread/INFO]: [EconomyShopGUI] [INFO]: Initializing paper meta...
[18:21:03] [Server thread/INFO]: [EconomyShopGUI] [INFO]: Using lang-en.yml as language file
[18:21:03] [Server thread/INFO]: [EconomyShopGUI] [INFO]: Completed loading 16 section configs from /sections/
[18:21:03] [Server thread/INFO]: [EconomyShopGUI] [INFO]: Completed loading 16 shop configs from /shops/
[18:21:03] [Server thread/INFO]: [EconomyShopGUI] [INFO]: Updating Shop settings...
[18:21:03] [Server thread/INFO]: [EconomyShopGUI] [INFO]: Successfully hooked into Vault and using EssentialsX Economy as economy provider
[18:21:03] [Server thread/INFO]: [EconomyShopGUI] [INFO]: Completed loading 1 economy provider(s) for all 14 shop sections.
[18:21:03] [Server thread/INFO]: [EconomyShopGUI] [INFO]: Using minecraft version 1.21.4...
[18:21:03] [Server thread/INFO]: [EconomyShopGUI] [INFO]: Spawner provider set to AUTO in config
[18:21:03] [Server thread/INFO]: [EconomyShopGUI] [INFO]: Automatically searching for compatible spawner provider....
[18:21:03] [Server thread/INFO]: [EconomyShopGUI] [INFO]: Failed to automatically find compatible spawner provider, using default...
[18:21:04] [Server thread/INFO]: [EconomyShopGUI] [INFO]: Debug mode is enabled.
[18:21:04] [Server thread/INFO]: [EconomyShopGUI] [INFO]: Loading all items...
[18:21:06] [Server thread/INFO]: [EconomyShopGUI] [INFO]: Initialized - Took 2567ms to complete
[18:21:06] [ESGUI_UTIL_THREAD #0/INFO]: [EconomyShopGUI] [INFO]: There is an update available for EconomyShopGUI, you are running v6.16.3 but found v7.0.3.
[18:21:06] [ESGUI_UTIL_THREAD #0/INFO]: [EconomyShopGUI] [INFO]: Download at: https://www.spigotmc.org/resources/economyshopgui.69927/
[18:21:06] [Server thread/INFO]: [spark] Starting background profiler...
[18:21:06] [Server thread/INFO]: Done preparing level "world" (40.831s)
[18:21:06] [Server thread/INFO]: Running delayed init tasks
[18:21:06] [Server thread/INFO]: [Essentials] Essentials found a compatible payment resolution method: Vault Compatibility Layer (v1.7.3-b131)!
[18:21:06] [Craft Scheduler Thread - 7 - Vault/INFO]: [Vault] Checking for Updates ... 
[18:21:06] [Craft Scheduler Thread - 5 - ViaVersion/INFO]: [ViaVersion] Finished mapping loading, shutting down loader executor.
[18:21:06] [Craft Scheduler Thread - 6 - Essentials/INFO]: [Essentials] Fetching version information...
[18:21:06] [Server thread/INFO]: Done (66.804s)! For help, type "help"
[18:21:07] [Craft Scheduler Thread - 7 - Vault/INFO]: [Vault] No new version available
[18:21:07] [Server thread/INFO]: [ViaVersion] You are running a development version of the plugin, please report any bugs to GitHub.
[18:21:16] [Server thread/INFO]: ℹ Server Plugins (7):
[18:21:16] [Server thread/INFO]: Paper Plugins (1):
[18:21:16] [Server thread/INFO]:  - EconomyShopGUI
[18:21:16] [Server thread/INFO]: Bukkit Plugins (6):
[18:21:16] [Server thread/INFO]:  - Essentials, Vault, ViaBackwards, ViaRewind, ViaRewind-Legacy-Support, ViaVersion
[18:21:25] [Server thread/INFO]: [Essentials] CONSOLE issued server command: /info 
[18:21:25] [Server thread/INFO]: Error: File info.txt does not exist. Creating one for you.
[18:21:27] [Server thread/INFO]: [Essentials] CONSOLE issued server command: /help 
[18:21:27] [Server thread/INFO]: To view help from the console, type '?'.
[18:21:30] [Server thread/INFO]: --------- Help: Index ---------------------------
[18:21:30] [Server thread/INFO]: Use /help [n] to get page n of help.
[18:21:30] [Server thread/INFO]: Aliases: Lists command aliases
[18:21:30] [Server thread/INFO]: Bukkit: All commands for Bukkit
[18:21:30] [Server thread/INFO]: Essentials: All commands for Essentials
[18:21:30] [Server thread/INFO]: Minecraft: All commands for Minecraft
[18:21:30] [Server thread/INFO]: Vault: All commands for Vault
[18:21:30] [Server thread/INFO]: ViaVersion: All commands for ViaVersion
[18:21:30] [Server thread/INFO]: /advancement: A Mojang provided command.
[18:21:30] [Server thread/INFO]: /afk: Marks you as away-from-keyboard.
[18:21:30] [Server thread/INFO]: /antioch: A little surprise for operators.
[18:21:30] [Server thread/INFO]: /anvil: Opens up an anvil.
[18:21:30] [Server thread/INFO]: /attribute: A Mojang provided command.
[18:21:30] [Server thread/INFO]: /back: Teleports you to your location prior to tp/spawn/warp.
[18:21:30] [Server thread/INFO]: /backup: Runs the backup if configured.
[18:21:30] [Server thread/INFO]: /balance: States the current balance of a player.
[18:21:30] [Server thread/INFO]: /balancetop: Gets the top balance values.
[18:21:30] [Server thread/INFO]: /ban: Bans a player.
[18:21:30] [Server thread/INFO]: /ban-ip: A Mojang provided command.
[18:21:30] [Server thread/INFO]: /banip: Bans an IP address.
[18:21:30] [Server thread/INFO]: /banlist: A Mojang provided command.
[18:21:30] [Server thread/INFO]: /beezooka: Throw an exploding bee at your opponent.
[18:21:30] [Server thread/INFO]: /bigtree: Spawn a big tree where you are looking.
[18:21:30] [Server thread/INFO]: /book: Allows reopening and editing of sealed books.
[18:21:30] [Server thread/INFO]: /bossbar: A Mojang provided command.
[18:21:30] [Server thread/INFO]: /bottom: Teleport to the lowest block at your current position.
[18:21:30] [Server thread/INFO]: /break: Breaks the block you are looking at.
[18:21:30] [Server thread/INFO]: /broadcast: Broadcasts a message to the entire server.
[18:21:30] [Server thread/INFO]: /broadcastworld: Broadcasts a message to a world.
[18:21:30] [Server thread/INFO]: /bukkit:help: Shows the help menu
[18:21:30] [Server thread/INFO]: /burn: Set a player on fire.
[18:21:30] [Server thread/INFO]: /callback: ClickEvent callback
[18:21:30] [Server thread/INFO]: /cartographytable: Opens up a cartography table.
[18:21:30] [Server thread/INFO]: /clearinventory: Clear all items in your inventory.
[18:21:30] [Server thread/INFO]: /clearinventoryconfirmtoggle: Toggles whether you are prompted to confirm inventory clears.
[18:21:30] [Server thread/INFO]: /clone: A Mojang provided command.
[18:21:30] [Server thread/INFO]: /compass: Describes your current bearing.
[18:21:30] [Server thread/INFO]: /condense: Condenses items into a more compact blocks.
[18:21:30] [Server thread/INFO]: /createkit: Create a kit in game!
[18:21:30] [Server thread/INFO]: /customtext: Allows you to create custom text commands.
[18:21:30] [Server thread/INFO]: /damage: A Mojang provided command.
[18:21:30] [Server thread/INFO]: /data: A Mojang provided command.
[18:21:30] [Server thread/INFO]: /datapack: A Mojang provided command.
[18:21:30] [Server thread/INFO]: /debug: A Mojang provided command.
[18:21:30] [Server thread/INFO]: /defaultgamemode: A Mojang provided command.
[18:21:30] [Server thread/INFO]: /delhome: Removes a home.
[18:21:30] [Server thread/INFO]: /deljail: Removes a jail.
[18:21:30] [Server thread/INFO]: /delkit: Deletes the specified kit.
[18:21:30] [Server thread/INFO]: /delwarp: Deletes the specified warp.
[18:21:30] [Server thread/INFO]: /deop: A Mojang provided command.
[18:21:30] [Server thread/INFO]: /depth: States current depth, relative to sea level.
[18:21:30] [Server thread/INFO]: /difficulty: A Mojang provided command.
[18:21:30] [Server thread/INFO]: /disposal: Opens a portable disposal menu.
[18:21:30] [Server thread/INFO]: /eco: Manages the server economy.
[18:21:30] [Server thread/INFO]: /editshop: Allows to edit the shop with ingame commands
[18:21:30] [Server thread/INFO]: /editsign: Edits a sign in the world.
[18:21:30] [Server thread/INFO]: /effect: A Mojang provided command.
[18:21:30] [Server thread/INFO]: /enchant: Enchants the item the user is holding.
[18:21:30] [Server thread/INFO]: /enderchest: Lets you see inside an enderchest.
[18:21:30] [Server thread/INFO]: /essentials: Reloads essentials.
[18:21:30] [Server thread/INFO]: /execute: A Mojang provided command.
[18:21:30] [Server thread/INFO]: /exp: Give, set, reset, or look at a players experience.
[18:21:30] [Server thread/INFO]: /experience: A Mojang provided command.
[18:21:30] [Server thread/INFO]: /ext: Extinguish players.
[18:21:30] [Server thread/INFO]: /feed: Satisfy the hunger.
[18:21:30] [Server thread/INFO]: /fill: A Mojang provided command.
[18:21:30] [Server thread/INFO]: /fillbiome: A Mojang provided command.
[18:21:30] [Server thread/INFO]: /fireball: Throw a fireball or other assorted projectiles.
[18:21:30] [Server thread/INFO]: /firework: Allows you to modify a stack of fireworks.
[18:21:30] [Server thread/INFO]: /fly: Take off, and soar!
[18:21:30] [Server thread/INFO]: /forceload: A Mojang provided command.
[18:21:30] [Server thread/INFO]: /function: A Mojang provided command.
[18:21:30] [Server thread/INFO]: /gamemode: Change player gamemode.
[18:21:30] [Server thread/INFO]: /gamerule: A Mojang provided command.
[18:21:30] [Server thread/INFO]: /gc: Reports memory, uptime and tick info.
[18:21:30] [Server thread/INFO]: /getpos: Get your current coordinates or those of a player.
[18:21:30] [Server thread/INFO]: /give: Give a player an item.
[18:21:30] [Server thread/INFO]: /god: Enables your godly powers.
[18:21:30] [Server thread/INFO]: /grindstone: Opens up a grindstone.
[18:21:30] [Server thread/INFO]: /hat: Get some cool new headgear.
[18:21:30] [Server thread/INFO]: /heal: Heals you or the given player.
[18:21:30] [Server thread/INFO]: /help: Views a list of available commands.
[18:21:30] [Server thread/INFO]: /helpop: Message online admins.
[18:21:30] [Server thread/INFO]: /home: Teleport to your home.
[18:21:30] [Server thread/INFO]: /ice: Cools a player off.
[18:21:30] [Server thread/INFO]: /ignore: Ignore or unignore other players.
[18:21:30] [Server thread/INFO]: /info: Shows information set by the server owner.
[18:21:30] [Server thread/INFO]: /invsee: See the inventory of other players.
[18:21:30] [Server thread/INFO]: /item: Spawn an item.
[18:21:30] [Server thread/INFO]: /itemdb: Searches for an item.
[18:21:30] [Server thread/INFO]: /itemlore: Edit the lore of an item.
[18:21:30] [Server thread/INFO]: /itemname: Names an item.
[18:21:30] [Server thread/INFO]: /jails: List all jails.
[18:21:30] [Server thread/INFO]: /jfr: A Mojang provided command.
[18:21:30] [Server thread/INFO]: /jump: Jumps to the nearest block in the line of sight.
[18:21:30] [Server thread/INFO]: /kick: Kicks a specified player with a reason.
[18:21:30] [Server thread/INFO]: /kickall: Kicks all players off the server except the issuer.
[18:21:30] [Server thread/INFO]: /kill: Kills specified player.
[18:21:30] [Server thread/INFO]: /kit: Obtains the specified kit or views all available kits.
[18:21:30] [Server thread/INFO]: /kitreset: Resets the cooldown on the specified kit.
[18:21:30] [Server thread/INFO]: /kittycannon: Throw an exploding kitten at your opponent.
[18:21:30] [Server thread/INFO]: /lightning: The power of Thor. Strike at cursor or player.
[18:21:30] [Server thread/INFO]: /list: List all online players.
[18:21:30] [Server thread/INFO]: /locate: A Mojang provided command.
[18:21:30] [Server thread/INFO]: /loom: Opens up a loom.
[18:21:30] [Server thread/INFO]: /loot: A Mojang provided command.
[18:21:30] [Server thread/INFO]: /mail: Manages inter-player, intra-server mail.
[18:21:30] [Server thread/INFO]: /me: Describes an action in the context of the player.
[18:21:30] [Server thread/INFO]: /minecraft:advancement: A Mojang provided command.
[18:21:30] [Server thread/INFO]: /minecraft:attribute: A Mojang provided command.
[18:21:30] [Server thread/INFO]: /minecraft:ban: A Mojang provided command.
[18:21:30] [Server thread/INFO]: /minecraft:ban-ip: A Mojang provided command.
[18:21:30] [Server thread/INFO]: /minecraft:banlist: A Mojang provided command.
[18:21:30] [Server thread/INFO]: /minecraft:bossbar: A Mojang provided command.
[18:21:30] [Server thread/INFO]: /minecraft:clear: A Mojang provided command.
[18:21:30] [Server thread/INFO]: /minecraft:clone: A Mojang provided command.
[18:21:30] [Server thread/INFO]: /minecraft:damage: A Mojang provided command.
[18:21:30] [Server thread/INFO]: /minecraft:data: A Mojang provided command.
[18:21:30] [Server thread/INFO]: /minecraft:datapack: A Mojang provided command.
[18:21:30] [Server thread/INFO]: /minecraft:debug: A Mojang provided command.
[18:21:30] [Server thread/INFO]: /minecraft:defaultgamemode: A Mojang provided command.
[18:21:30] [Server thread/INFO]: /minecraft:deop: A Mojang provided command.
[18:21:30] [Server thread/INFO]: /minecraft:difficulty: A Mojang provided command.
[18:21:30] [Server thread/INFO]: /minecraft:effect: A Mojang provided command.
[18:21:30] [Server thread/INFO]: /minecraft:enchant: A Mojang provided command.
[18:21:30] [Server thread/INFO]: /minecraft:execute: A Mojang provided command.
[18:21:30] [Server thread/INFO]: /minecraft:experience: A Mojang provided command.
[18:21:30] [Server thread/INFO]: /minecraft:fill: A Mojang provided command.
[18:21:30] [Server thread/INFO]: /minecraft:fillbiome: A Mojang provided command.
[18:21:30] [Server thread/INFO]: /minecraft:forceload: A Mojang provided command.
[18:21:30] [Server thread/INFO]: /minecraft:function: A Mojang provided command.
[18:21:30] [Server thread/INFO]: /minecraft:gamemode: A Mojang provided command.
[18:21:30] [Server thread/INFO]: /minecraft:gamerule: A Mojang provided command.
[18:21:30] [Server thread/INFO]: /minecraft:give: A Mojang provided command.
[18:21:30] [Server thread/INFO]: /minecraft:help: A Mojang provided command.
[18:21:30] [Server thread/INFO]: /minecraft:item: A Mojang provided command.
[18:21:30] [Server thread/INFO]: /minecraft:jfr: A Mojang provided command.
[18:21:30] [Server thread/INFO]: /minecraft:kick: A Mojang provided command.
[18:21:30] [Server thread/INFO]: /minecraft:kill: A Mojang provided command.
[18:21:30] [Server thread/INFO]: /minecraft:list: A Mojang provided command.
[18:21:30] [Server thread/INFO]: /minecraft:locate: A Mojang provided command.
[18:21:30] [Server thread/INFO]: /minecraft:loot: A Mojang provided command.
[18:21:30] [Server thread/INFO]: /minecraft:me: A Mojang provided command.
[18:21:30] [Server thread/INFO]: /minecraft:msg: A Mojang provided command.
[18:21:30] [Server thread/INFO]: /minecraft:op: A Mojang provided command.
[18:21:30] [Server thread/INFO]: /minecraft:pardon: A Mojang provided command.
[18:21:30] [Server thread/INFO]: /minecraft:pardon-ip: A Mojang provided command.
[18:21:30] [Server thread/INFO]: /minecraft:particle: A Mojang provided command.
[18:21:30] [Server thread/INFO]: /minecraft:perf: A Mojang provided command.
[18:21:30] [Server thread/INFO]: /minecraft:place: A Mojang provided command.
[18:21:30] [Server thread/INFO]: /minecraft:playsound: A Mojang provided command.
[18:21:30] [Server thread/INFO]: /minecraft:random: A Mojang provided command.
[18:21:30] [Server thread/INFO]: /minecraft:recipe: A Mojang provided command.
[18:21:30] [Server thread/INFO]: /minecraft:reload: A Mojang provided command.
[18:21:30] [Server thread/INFO]: /minecraft:return: A Mojang provided command.
[18:21:30] [Server thread/INFO]: /minecraft:ride: A Mojang provided command.
[18:21:30] [Server thread/INFO]: /minecraft:rotate: A Mojang provided command.
[18:21:30] [Server thread/INFO]: /minecraft:save-all: A Mojang provided command.
[18:21:30] [Server thread/INFO]: /minecraft:save-off: A Mojang provided command.
[18:21:30] [Server thread/INFO]: /minecraft:save-on: A Mojang provided command.
[18:21:30] [Server thread/INFO]: /minecraft:say: A Mojang provided command.
[18:21:30] [Server thread/INFO]: /minecraft:schedule: A Mojang provided command.
[18:21:30] [Server thread/INFO]: /minecraft:scoreboard: A Mojang provided command.
[18:21:30] [Server thread/INFO]: /minecraft:seed: A Mojang provided command.
[18:21:30] [Server thread/INFO]: /minecraft:setblock: A Mojang provided command.
[18:21:30] [Server thread/INFO]: /minecraft:setidletimeout: A Mojang provided command.
[18:21:30] [Server thread/INFO]: /minecraft:setworldspawn: A Mojang provided command.
[18:21:30] [Server thread/INFO]: /minecraft:spawnpoint: A Mojang provided command.
[18:21:30] [Server thread/INFO]: /minecraft:spectate: A Mojang provided command.
[18:21:30] [Server thread/INFO]: /minecraft:spreadplayers: A Mojang provided command.
[18:21:30] [Server thread/INFO]: /minecraft:stop: A Mojang provided command.
[18:21:30] [Server thread/INFO]: /minecraft:stopsound: A Mojang provided command.
[18:21:30] [Server thread/INFO]: /minecraft:summon: A Mojang provided command.
[18:21:30] [Server thread/INFO]: /minecraft:tag: A Mojang provided command.
[18:21:30] [Server thread/INFO]: /minecraft:team: A Mojang provided command.
[18:21:30] [Server thread/INFO]: /minecraft:teammsg: A Mojang provided command.
[18:21:30] [Server thread/INFO]: /minecraft:teleport: A Mojang provided command.
[18:21:30] [Server thread/INFO]: /minecraft:tell: A Mojang provided command.
[18:21:30] [Server thread/INFO]: /minecraft:tellraw: A Mojang provided command.
[18:21:30] [Server thread/INFO]: /minecraft:tick: A Mojang provided command.
[18:21:30] [Server thread/INFO]: /minecraft:time: A Mojang provided command.
[18:21:30] [Server thread/INFO]: /minecraft:title: A Mojang provided command.
[18:21:30] [Server thread/INFO]: /minecraft:tm: A Mojang provided command.
[18:21:30] [Server thread/INFO]: /minecraft:tp: A Mojang provided command.
[18:21:30] [Server thread/INFO]: /minecraft:transfer: A Mojang provided command.
[18:21:30] [Server thread/INFO]: /minecraft:trigger: A Mojang provided command.
[18:21:30] [Server thread/INFO]: /minecraft:w: A Mojang provided command.
[18:21:30] [Server thread/INFO]: /minecraft:weather: A Mojang provided command.
[18:21:30] [Server thread/INFO]: /minecraft:whitelist: A Mojang provided command.
[18:21:30] [Server thread/INFO]: /minecraft:worldborder: A Mojang provided command.
[18:21:30] [Server thread/INFO]: /minecraft:xp: A Mojang provided command.
[18:21:30] [Server thread/INFO]: /more: Fills the item stack in hand to specified amount, or to maximum size if none is specified.
[18:21:30] [Server thread/INFO]: /motd: Views the Message Of The Day.
[18:21:30] [Server thread/INFO]: /msg: Sends a private message to the specified player.
[18:21:30] [Server thread/INFO]: /msgtoggle: Blocks receiving all private messages.
[18:21:30] [Server thread/INFO]: /mspt: View server tick times
[18:21:30] [Server thread/INFO]: /mute: Mutes or unmutes a player.
[18:21:30] [Server thread/INFO]: /near: Lists the players near by or around a player.
[18:21:30] [Server thread/INFO]: /nick: Change your nickname or that of another player.
[18:21:30] [Server thread/INFO]: /nuke: May death rain upon them.
[18:21:30] [Server thread/INFO]: /op: A Mojang provided command.
[18:21:30] [Server thread/INFO]: /paper: Paper related commands
[18:21:30] [Server thread/INFO]: /paper:spark: 
[18:21:30] [Server thread/INFO]: /pardon-ip: A Mojang provided command.
[18:21:30] [Server thread/INFO]: /particle: A Mojang provided command.
[18:21:30] [Server thread/INFO]: /pay: Pays another player from your balance.
[18:21:30] [Server thread/INFO]: /payconfirmtoggle: Toggles whether you are prompted to confirm payments.
[18:21:30] [Server thread/INFO]: /paytoggle: Toggles whether you are accepting payments.
[18:21:30] [Server thread/INFO]: /perf: A Mojang provided command.
[18:21:30] [Server thread/INFO]: /ping: Pong!
[18:21:30] [Server thread/INFO]: /place: A Mojang provided command.
[18:21:30] [Server thread/INFO]: /playsound: A Mojang provided command.
[18:21:30] [Server thread/INFO]: /playtime: Shows a player's time played in game
[18:21:30] [Server thread/INFO]: /plugins: Gets a list of plugins running on the server
[18:21:30] [Server thread/INFO]: /potion: Adds custom potion effects to a potion.
[18:21:30] [Server thread/INFO]: /powertool: Assigns a command to the item in hand.
[18:21:30] [Server thread/INFO]: /powertooltoggle: Enables or disables all current powertools.
[18:21:30] [Server thread/INFO]: /ptime: Adjust player's client time. Add @ prefix to fix.
[18:21:30] [Server thread/INFO]: /pweather: Adjust a player's weather
[18:21:30] [Server thread/INFO]: /r: Quickly reply to the last player to message you.
[18:21:30] [Server thread/INFO]: /random: A Mojang provided command.
[18:21:30] [Server thread/INFO]: /realname: Displays the username of a user based on nick.
[18:21:30] [Server thread/INFO]: /recipe: Displays how to craft items.
[18:21:30] [Server thread/INFO]: /reload: Reloads the server configuration and plugins
[18:21:30] [Server thread/INFO]: /remove: Removes entities in your world.
[18:21:30] [Server thread/INFO]: /renamehome: Renames a home.
[18:21:30] [Server thread/INFO]: /repair: Repairs the durability of one or all items.
[18:21:30] [Server thread/INFO]: /rest: Rests you or the given player.
[18:21:30] [Server thread/INFO]: /restart: Restarts the server
[18:21:30] [Server thread/INFO]: /ride: A Mojang provided command.
[18:21:30] [Server thread/INFO]: /rotate: A Mojang provided command.
[18:21:30] [Server thread/INFO]: /rtoggle: Change whether the recipient of the reply is last recipient or last sender
[18:21:30] [Server thread/INFO]: /rules: Views the server rules.
[18:21:30] [Server thread/INFO]: /save-all: A Mojang provided command.
[18:21:30] [Server thread/INFO]: /save-off: A Mojang provided command.
[18:21:30] [Server thread/INFO]: /save-on: A Mojang provided command.
[18:21:30] [Server thread/INFO]: /say: A Mojang provided command.
[18:21:30] [Server thread/INFO]: /schedule: A Mojang provided command.
[18:21:30] [Server thread/INFO]: /scoreboard: A Mojang provided command.
[18:21:30] [Server thread/INFO]: /seed: A Mojang provided command.
[18:21:30] [Server thread/INFO]: /seen: Shows the last logout time of a player.
[18:21:30] [Server thread/INFO]: /sell: Sells the item currently in your hand.
[18:21:30] [Server thread/INFO]: /sellall: Sell all items from your inventory, hand items or specific items
[18:21:30] [Server thread/INFO]: /sellgui: Opens the sell GUI
[18:21:30] [Server thread/INFO]: /setblock: A Mojang provided command.
[18:21:30] [Server thread/INFO]: /sethome: Set your home to your current location.
[18:21:30] [Server thread/INFO]: /setidletimeout: A Mojang provided command.
[18:21:30] [Server thread/INFO]: /setjail: Creates a jail where you specified named [jailname].
[18:21:30] [Server thread/INFO]: /settpr: Set the random teleport location and parameters.
[18:21:30] [Server thread/INFO]: /setwarp: Creates a new warp.
[18:21:30] [Server thread/INFO]: /setworldspawn: A Mojang provided command.
[18:21:30] [Server thread/INFO]: /setworth: Set the sell value of an item.
[18:21:30] [Server thread/INFO]: /shop: Opens the server shop
[18:21:30] [Server thread/INFO]: /shopgive: Give a shop item to a player
[18:21:30] [Server thread/INFO]: /showkit: Show contents of a kit.
[18:21:30] [Server thread/INFO]: /skull: Set the owner of a player skull
[18:21:30] [Server thread/INFO]: /smithingtable: Opens up a smithing table.
[18:21:30] [Server thread/INFO]: /socialspy: Toggles if you can see msg/mail commands in chat.
[18:21:30] [Server thread/INFO]: /spark: 
[18:21:30] [Server thread/INFO]: /spawner: Change the mob type of a spawner.
[18:21:30] [Server thread/INFO]: /spawnmob: Spawns a mob.
[18:21:30] [Server thread/INFO]: /spawnpoint: A Mojang provided command.
[18:21:30] [Server thread/INFO]: /spectate: A Mojang provided command.
[18:21:30] [Server thread/INFO]: /speed: Change your speed limits.
[18:21:30] [Server thread/INFO]: /spigot: Spigot related commands
[18:21:30] [Server thread/INFO]: /spreadplayers: A Mojang provided command.
[18:21:30] [Server thread/INFO]: /sreload: Reloads the plugin
[18:21:30] [Server thread/INFO]: /stonecutter: Opens up a stonecutter.
[18:21:30] [Server thread/INFO]: /stop: A Mojang provided command.
[18:21:30] [Server thread/INFO]: /stopsound: A Mojang provided command.
[18:21:30] [Server thread/INFO]: /sudo: Make another user perform a command.
[18:21:30] [Server thread/INFO]: /suicide: Causes you to perish.
[18:21:30] [Server thread/INFO]: /summon: A Mojang provided command.
[18:21:30] [Server thread/INFO]: /tag: A Mojang provided command.
[18:21:30] [Server thread/INFO]: /team: A Mojang provided command.
[18:21:30] [Server thread/INFO]: /teammsg: A Mojang provided command.
[18:21:30] [Server thread/INFO]: /tellraw: A Mojang provided command.
[18:21:30] [Server thread/INFO]: /tempban: Temporary ban a user.
[18:21:30] [Server thread/INFO]: /tempbanip: Temporarily ban an IP Address.
[18:21:30] [Server thread/INFO]: /thunder: Enable/disable thunder.
[18:21:30] [Server thread/INFO]: /tick: A Mojang provided command.
[18:21:30] [Server thread/INFO]: /time: Display/Change the world time. Defaults to current world.
[18:21:30] [Server thread/INFO]: /timings: Manages Spigot Timings data to see performance of the server.
[18:21:30] [Server thread/INFO]: /title: A Mojang provided command.
[18:21:30] [Server thread/INFO]: /tm: A Mojang provided command.
[18:21:30] [Server thread/INFO]: /togglejail: Jails/Unjails a player, TPs them to the jail specified.
[18:21:30] [Server thread/INFO]: /top: Teleport to the highest block at your current position.
[18:21:30] [Server thread/INFO]: /tp: Teleport to a player.
[18:21:30] [Server thread/INFO]: /tpa: Request to teleport to the specified player.
[18:21:30] [Server thread/INFO]: /tpaall: Requests all players online to teleport to you.
[18:21:30] [Server thread/INFO]: /tpacancel: Cancel all outstanding teleport requests. Specify [player] to cancel requests with them.
[18:21:30] [Server thread/INFO]: /tpaccept: Accepts teleport requests.
[18:21:30] [Server thread/INFO]: /tpahere: Request that the specified player teleport to you.
[18:21:30] [Server thread/INFO]: /tpall: Teleport all online players to another player.
[18:21:30] [Server thread/INFO]: /tpauto: Automatically accept teleportation requests.
[18:21:30] [Server thread/INFO]: /tpdeny: Rejects teleport requests.
[18:21:30] [Server thread/INFO]: /tphere: Teleport a player to you.
[18:21:30] [Server thread/INFO]: /tpo: Teleport override for tptoggle.
[18:21:30] [Server thread/INFO]: /tpoffline: Teleport to a player's last known logout location
[18:21:30] [Server thread/INFO]: /tpohere: Teleport here override for tptoggle.
[18:21:30] [Server thread/INFO]: /tppos: Teleport to coordinates.
[18:21:30] [Server thread/INFO]: /tpr: Teleport randomly.
[18:21:30] [Server thread/INFO]: /tps: Gets the current ticks per second for the server
[18:21:30] [Server thread/INFO]: /tptoggle: Blocks all forms of teleportation.
[18:21:30] [Server thread/INFO]: /transfer: A Mojang provided command.
[18:21:30] [Server thread/INFO]: /tree: Spawn a tree where you are looking.
[18:21:30] [Server thread/INFO]: /trigger: A Mojang provided command.
[18:21:30] [Server thread/INFO]: /unban: Unbans the specified player.
[18:21:30] [Server thread/INFO]: /unbanip: Unbans the specified IP address.
[18:21:30] [Server thread/INFO]: /unlimited: Allows the unlimited placing of items.
[18:21:30] [Server thread/INFO]: /vanish: Hide yourself from other players.
[18:21:30] [Server thread/INFO]: /vault-convert: Converts all data in economy1 and dumps it into economy2
[18:21:30] [Server thread/INFO]: /vault-info: Displays information about Vault
[18:21:30] [Server thread/INFO]: /version: Gets the version of this server including any plugins in use
[18:21:30] [Server thread/INFO]: /viaversion: Shows ViaVersion Version and more.
[18:21:30] [Server thread/INFO]: /warp: List all warps or warp to the specified location.
[18:21:30] [Server thread/INFO]: /warpinfo: Finds location information for a specified warp.
[18:21:30] [Server thread/INFO]: /weather: Sets the weather.
[18:21:30] [Server thread/INFO]: /whitelist: A Mojang provided command.
[18:21:30] [Server thread/INFO]: /whois: Determine basic information about the specified player.
[18:21:30] [Server thread/INFO]: /workbench: Opens up a workbench.
[18:21:30] [Server thread/INFO]: /world: Switch between worlds.
[18:21:30] [Server thread/INFO]: /worldborder: A Mojang provided command.
[18:21:30] [Server thread/INFO]: /worth: Calculates the worth of items in hand or as specified.
[18:21:47] [Server thread/INFO]: Seed: [-836767588514404981]
[18:21:49] [Server thread/INFO]: [Essentials] CONSOLE issued server command: /speed 
[18:21:49] [Server thread/INFO]: Command Help: /speed
[18:21:49] [Server thread/INFO]: Description: Change your speed limits.
[18:21:49] [Server thread/INFO]: Usage(s);
[18:21:49] [Server thread/INFO]: /speed <speed> - Sets either your fly or walk speed to the given speed
[18:21:49] [Server thread/INFO]: /speed <type> <speed> [player] - Sets either the specified type of speed to the given speed for you or another player if specified
[18:22:02] [Server thread/INFO]: Checking version, please wait...
[18:22:02] [Thread-6/INFO]: This server is running Paper version 1.21.4-224-main@0cf7315 (2025-04-07T12:01:39Z) (Implementing API version 1.21.4-R0.1-SNAPSHOT)
You are 8 version(s) behind
Download the new version at: https://papermc.io/downloads/paper
[18:22:32] [Server thread/INFO]: Usage: /spigot reload
[18:22:37] [Server thread/INFO]: CONSOLE: Please note that this command is not supported and may cause issues.
If you encounter any issues please use the /stop command to restart your server.
[18:22:37] [Server thread/INFO]: Server Ping Player Sample Count: 12
[18:22:37] [Server thread/INFO]: Using 4 threads for Netty based IO
[18:22:37] [Server thread/INFO]: CONSOLE: Reload complete.
[18:22:43] [Server thread/INFO]: --------- Help: Index ---------------------------
[18:22:43] [Server thread/INFO]: Use /help [n] to get page n of help.
[18:22:43] [Server thread/INFO]: Aliases: Lists command aliases
[18:22:43] [Server thread/INFO]: Bukkit: All commands for Bukkit
[18:22:43] [Server thread/INFO]: Essentials: All commands for Essentials
[18:22:43] [Server thread/INFO]: Minecraft: All commands for Minecraft
[18:22:43] [Server thread/INFO]: Vault: All commands for Vault
[18:22:43] [Server thread/INFO]: ViaVersion: All commands for ViaVersion
[18:22:43] [Server thread/INFO]: /advancement: A Mojang provided command.
[18:22:43] [Server thread/INFO]: /afk: Marks you as away-from-keyboard.
[18:22:43] [Server thread/INFO]: /antioch: A little surprise for operators.
[18:22:43] [Server thread/INFO]: /anvil: Opens up an anvil.
[18:22:43] [Server thread/INFO]: /attribute: A Mojang provided command.
[18:22:43] [Server thread/INFO]: /back: Teleports you to your location prior to tp/spawn/warp.
[18:22:43] [Server thread/INFO]: /backup: Runs the backup if configured.
[18:22:43] [Server thread/INFO]: /balance: States the current balance of a player.
[18:22:43] [Server thread/INFO]: /balancetop: Gets the top balance values.
[18:22:43] [Server thread/INFO]: /ban: Bans a player.
[18:22:43] [Server thread/INFO]: /ban-ip: A Mojang provided command.
[18:22:43] [Server thread/INFO]: /banip: Bans an IP address.
[18:22:43] [Server thread/INFO]: /banlist: A Mojang provided command.
[18:22:43] [Server thread/INFO]: /beezooka: Throw an exploding bee at your opponent.
[18:22:43] [Server thread/INFO]: /bigtree: Spawn a big tree where you are looking.
[18:22:43] [Server thread/INFO]: /book: Allows reopening and editing of sealed books.
[18:22:43] [Server thread/INFO]: /bossbar: A Mojang provided command.
[18:22:43] [Server thread/INFO]: /bottom: Teleport to the lowest block at your current position.
[18:22:43] [Server thread/INFO]: /break: Breaks the block you are looking at.
[18:22:43] [Server thread/INFO]: /broadcast: Broadcasts a message to the entire server.
[18:22:43] [Server thread/INFO]: /broadcastworld: Broadcasts a message to a world.
[18:22:43] [Server thread/INFO]: /bukkit:help: Shows the help menu
[18:22:43] [Server thread/INFO]: /burn: Set a player on fire.
[18:22:43] [Server thread/INFO]: /callback: ClickEvent callback
[18:22:43] [Server thread/INFO]: /cartographytable: Opens up a cartography table.
[18:22:43] [Server thread/INFO]: /clearinventory: Clear all items in your inventory.
[18:22:43] [Server thread/INFO]: /clearinventoryconfirmtoggle: Toggles whether you are prompted to confirm inventory clears.
[18:22:43] [Server thread/INFO]: /clone: A Mojang provided command.
[18:22:43] [Server thread/INFO]: /compass: Describes your current bearing.
[18:22:43] [Server thread/INFO]: /condense: Condenses items into a more compact blocks.
[18:22:43] [Server thread/INFO]: /createkit: Create a kit in game!
[18:22:43] [Server thread/INFO]: /customtext: Allows you to create custom text commands.
[18:22:43] [Server thread/INFO]: /damage: A Mojang provided command.
[18:22:43] [Server thread/INFO]: /data: A Mojang provided command.
[18:22:43] [Server thread/INFO]: /datapack: A Mojang provided command.
[18:22:43] [Server thread/INFO]: /debug: A Mojang provided command.
[18:22:43] [Server thread/INFO]: /defaultgamemode: A Mojang provided command.
[18:22:43] [Server thread/INFO]: /delhome: Removes a home.
[18:22:43] [Server thread/INFO]: /deljail: Removes a jail.
[18:22:43] [Server thread/INFO]: /delkit: Deletes the specified kit.
[18:22:43] [Server thread/INFO]: /delwarp: Deletes the specified warp.
[18:22:43] [Server thread/INFO]: /deop: A Mojang provided command.
[18:22:43] [Server thread/INFO]: /depth: States current depth, relative to sea level.
[18:22:43] [Server thread/INFO]: /difficulty: A Mojang provided command.
[18:22:43] [Server thread/INFO]: /disposal: Opens a portable disposal menu.
[18:22:43] [Server thread/INFO]: /eco: Manages the server economy.
[18:22:43] [Server thread/INFO]: /editshop: Allows to edit the shop with ingame commands
[18:22:43] [Server thread/INFO]: /editsign: Edits a sign in the world.
[18:22:43] [Server thread/INFO]: /effect: A Mojang provided command.
[18:22:43] [Server thread/INFO]: /enchant: Enchants the item the user is holding.
[18:22:43] [Server thread/INFO]: /enderchest: Lets you see inside an enderchest.
[18:22:43] [Server thread/INFO]: /essentials: Reloads essentials.
[18:22:43] [Server thread/INFO]: /execute: A Mojang provided command.
[18:22:43] [Server thread/INFO]: /exp: Give, set, reset, or look at a players experience.
[18:22:43] [Server thread/INFO]: /experience: A Mojang provided command.
[18:22:43] [Server thread/INFO]: /ext: Extinguish players.
[18:22:43] [Server thread/INFO]: /feed: Satisfy the hunger.
[18:22:43] [Server thread/INFO]: /fill: A Mojang provided command.
[18:22:43] [Server thread/INFO]: /fillbiome: A Mojang provided command.
[18:22:43] [Server thread/INFO]: /fireball: Throw a fireball or other assorted projectiles.
[18:22:43] [Server thread/INFO]: /firework: Allows you to modify a stack of fireworks.
[18:22:43] [Server thread/INFO]: /fly: Take off, and soar!
[18:22:43] [Server thread/INFO]: /forceload: A Mojang provided command.
[18:22:43] [Server thread/INFO]: /function: A Mojang provided command.
[18:22:43] [Server thread/INFO]: /gamemode: Change player gamemode.
[18:22:43] [Server thread/INFO]: /gamerule: A Mojang provided command.
[18:22:43] [Server thread/INFO]: /gc: Reports memory, uptime and tick info.
[18:22:43] [Server thread/INFO]: /getpos: Get your current coordinates or those of a player.
[18:22:43] [Server thread/INFO]: /give: Give a player an item.
[18:22:43] [Server thread/INFO]: /god: Enables your godly powers.
[18:22:43] [Server thread/INFO]: /grindstone: Opens up a grindstone.
[18:22:43] [Server thread/INFO]: /hat: Get some cool new headgear.
[18:22:43] [Server thread/INFO]: /heal: Heals you or the given player.
[18:22:43] [Server thread/INFO]: /help: Views a list of available commands.
[18:22:43] [Server thread/INFO]: /helpop: Message online admins.
[18:22:43] [Server thread/INFO]: /home: Teleport to your home.
[18:22:43] [Server thread/INFO]: /ice: Cools a player off.
[18:22:43] [Server thread/INFO]: /ignore: Ignore or unignore other players.
[18:22:43] [Server thread/INFO]: /info: Shows information set by the server owner.
[18:22:43] [Server thread/INFO]: /invsee: See the inventory of other players.
[18:22:43] [Server thread/INFO]: /item: Spawn an item.
[18:22:43] [Server thread/INFO]: /itemdb: Searches for an item.
[18:22:43] [Server thread/INFO]: /itemlore: Edit the lore of an item.
[18:22:43] [Server thread/INFO]: /itemname: Names an item.
[18:22:43] [Server thread/INFO]: /jails: List all jails.
[18:22:43] [Server thread/INFO]: /jfr: A Mojang provided command.
[18:22:43] [Server thread/INFO]: /jump: Jumps to the nearest block in the line of sight.
[18:22:43] [Server thread/INFO]: /kick: Kicks a specified player with a reason.
[18:22:43] [Server thread/INFO]: /kickall: Kicks all players off the server except the issuer.
[18:22:43] [Server thread/INFO]: /kill: Kills specified player.
[18:22:43] [Server thread/INFO]: /kit: Obtains the specified kit or views all available kits.
[18:22:43] [Server thread/INFO]: /kitreset: Resets the cooldown on the specified kit.
[18:22:43] [Server thread/INFO]: /kittycannon: Throw an exploding kitten at your opponent.
[18:22:43] [Server thread/INFO]: /lightning: The power of Thor. Strike at cursor or player.
[18:22:43] [Server thread/INFO]: /list: List all online players.
[18:22:43] [Server thread/INFO]: /locate: A Mojang provided command.
[18:22:43] [Server thread/INFO]: /loom: Opens up a loom.
[18:22:43] [Server thread/INFO]: /loot: A Mojang provided command.
[18:22:43] [Server thread/INFO]: /mail: Manages inter-player, intra-server mail.
[18:22:43] [Server thread/INFO]: /me: Describes an action in the context of the player.
[18:22:43] [Server thread/INFO]: /minecraft:advancement: A Mojang provided command.
[18:22:43] [Server thread/INFO]: /minecraft:attribute: A Mojang provided command.
[18:22:43] [Server thread/INFO]: /minecraft:ban: A Mojang provided command.
[18:22:43] [Server thread/INFO]: /minecraft:ban-ip: A Mojang provided command.
[18:22:43] [Server thread/INFO]: /minecraft:banlist: A Mojang provided command.
[18:22:43] [Server thread/INFO]: /minecraft:bossbar: A Mojang provided command.
[18:22:43] [Server thread/INFO]: /minecraft:clear: A Mojang provided command.
[18:22:43] [Server thread/INFO]: /minecraft:clone: A Mojang provided command.
[18:22:43] [Server thread/INFO]: /minecraft:damage: A Mojang provided command.
[18:22:43] [Server thread/INFO]: /minecraft:data: A Mojang provided command.
[18:22:43] [Server thread/INFO]: /minecraft:datapack: A Mojang provided command.
[18:22:43] [Server thread/INFO]: /minecraft:debug: A Mojang provided command.
[18:22:43] [Server thread/INFO]: /minecraft:defaultgamemode: A Mojang provided command.
[18:22:43] [Server thread/INFO]: /minecraft:deop: A Mojang provided command.
[18:22:43] [Server thread/INFO]: /minecraft:difficulty: A Mojang provided command.
[18:22:43] [Server thread/INFO]: /minecraft:effect: A Mojang provided command.
[18:22:43] [Server thread/INFO]: /minecraft:enchant: A Mojang provided command.
[18:22:43] [Server thread/INFO]: /minecraft:execute: A Mojang provided command.
[18:22:43] [Server thread/INFO]: /minecraft:experience: A Mojang provided command.
[18:22:43] [Server thread/INFO]: /minecraft:fill: A Mojang provided command.
[18:22:43] [Server thread/INFO]: /minecraft:fillbiome: A Mojang provided command.
[18:22:43] [Server thread/INFO]: /minecraft:forceload: A Mojang provided command.
[18:22:43] [Server thread/INFO]: /minecraft:function: A Mojang provided command.
[18:22:43] [Server thread/INFO]: /minecraft:gamemode: A Mojang provided command.
[18:22:43] [Server thread/INFO]: /minecraft:gamerule: A Mojang provided command.
[18:22:43] [Server thread/INFO]: /minecraft:give: A Mojang provided command.
[18:22:43] [Server thread/INFO]: /minecraft:help: A Mojang provided command.
[18:22:43] [Server thread/INFO]: /minecraft:item: A Mojang provided command.
[18:22:43] [Server thread/INFO]: /minecraft:jfr: A Mojang provided command.
[18:22:43] [Server thread/INFO]: /minecraft:kick: A Mojang provided command.
[18:22:43] [Server thread/INFO]: /minecraft:kill: A Mojang provided command.
[18:22:43] [Server thread/INFO]: /minecraft:list: A Mojang provided command.
[18:22:43] [Server thread/INFO]: /minecraft:locate: A Mojang provided command.
[18:22:43] [Server thread/INFO]: /minecraft:loot: A Mojang provided command.
[18:22:43] [Server thread/INFO]: /minecraft:me: A Mojang provided command.
[18:22:43] [Server thread/INFO]: /minecraft:msg: A Mojang provided command.
[18:22:43] [Server thread/INFO]: /minecraft:op: A Mojang provided command.
[18:22:43] [Server thread/INFO]: /minecraft:pardon: A Mojang provided command.
[18:22:43] [Server thread/INFO]: /minecraft:pardon-ip: A Mojang provided command.
[18:22:43] [Server thread/INFO]: /minecraft:particle: A Mojang provided command.
[18:22:43] [Server thread/INFO]: /minecraft:perf: A Mojang provided command.
[18:22:43] [Server thread/INFO]: /minecraft:place: A Mojang provided command.
[18:22:43] [Server thread/INFO]: /minecraft:playsound: A Mojang provided command.
[18:22:43] [Server thread/INFO]: /minecraft:random: A Mojang provided command.
[18:22:43] [Server thread/INFO]: /minecraft:recipe: A Mojang provided command.
[18:22:43] [Server thread/INFO]: /minecraft:reload: A Mojang provided command.
[18:22:43] [Server thread/INFO]: /minecraft:return: A Mojang provided command.
[18:22:43] [Server thread/INFO]: /minecraft:ride: A Mojang provided command.
[18:22:43] [Server thread/INFO]: /minecraft:rotate: A Mojang provided command.
[18:22:43] [Server thread/INFO]: /minecraft:save-all: A Mojang provided command.
[18:22:43] [Server thread/INFO]: /minecraft:save-off: A Mojang provided command.
[18:22:43] [Server thread/INFO]: /minecraft:save-on: A Mojang provided command.
[18:22:43] [Server thread/INFO]: /minecraft:say: A Mojang provided command.
[18:22:43] [Server thread/INFO]: /minecraft:schedule: A Mojang provided command.
[18:22:43] [Server thread/INFO]: /minecraft:scoreboard: A Mojang provided command.
[18:22:43] [Server thread/INFO]: /minecraft:seed: A Mojang provided command.
[18:22:43] [Server thread/INFO]: /minecraft:setblock: A Mojang provided command.
[18:22:43] [Server thread/INFO]: /minecraft:setidletimeout: A Mojang provided command.
[18:22:43] [Server thread/INFO]: /minecraft:setworldspawn: A Mojang provided command.
[18:22:43] [Server thread/INFO]: /minecraft:spawnpoint: A Mojang provided command.
[18:22:43] [Server thread/INFO]: /minecraft:spectate: A Mojang provided command.
[18:22:43] [Server thread/INFO]: /minecraft:spreadplayers: A Mojang provided command.
[18:22:43] [Server thread/INFO]: /minecraft:stop: A Mojang provided command.
[18:22:43] [Server thread/INFO]: /minecraft:stopsound: A Mojang provided command.
[18:22:43] [Server thread/INFO]: /minecraft:summon: A Mojang provided command.
[18:22:43] [Server thread/INFO]: /minecraft:tag: A Mojang provided command.
[18:22:43] [Server thread/INFO]: /minecraft:team: A Mojang provided command.
[18:22:43] [Server thread/INFO]: /minecraft:teammsg: A Mojang provided command.
[18:22:43] [Server thread/INFO]: /minecraft:teleport: A Mojang provided command.
[18:22:43] [Server thread/INFO]: /minecraft:tell: A Mojang provided command.
[18:22:43] [Server thread/INFO]: /minecraft:tellraw: A Mojang provided command.
[18:22:43] [Server thread/INFO]: /minecraft:tick: A Mojang provided command.
[18:22:43] [Server thread/INFO]: /minecraft:time: A Mojang provided command.
[18:22:43] [Server thread/INFO]: /minecraft:title: A Mojang provided command.
[18:22:43] [Server thread/INFO]: /minecraft:tm: A Mojang provided command.
[18:22:43] [Server thread/INFO]: /minecraft:tp: A Mojang provided command.
[18:22:43] [Server thread/INFO]: /minecraft:transfer: A Mojang provided command.
[18:22:43] [Server thread/INFO]: /minecraft:trigger: A Mojang provided command.
[18:22:43] [Server thread/INFO]: /minecraft:w: A Mojang provided command.
[18:22:43] [Server thread/INFO]: /minecraft:weather: A Mojang provided command.
[18:22:43] [Server thread/INFO]: /minecraft:whitelist: A Mojang provided command.
[18:22:43] [Server thread/INFO]: /minecraft:worldborder: A Mojang provided command.
[18:22:43] [Server thread/INFO]: /minecraft:xp: A Mojang provided command.
[18:22:43] [Server thread/INFO]: /more: Fills the item stack in hand to specified amount, or to maximum size if none is specified.
[18:22:43] [Server thread/INFO]: /motd: Views the Message Of The Day.
[18:22:43] [Server thread/INFO]: /msg: Sends a private message to the specified player.
[18:22:43] [Server thread/INFO]: /msgtoggle: Blocks receiving all private messages.
[18:22:43] [Server thread/INFO]: /mspt: View server tick times
[18:22:43] [Server thread/INFO]: /mute: Mutes or unmutes a player.
[18:22:43] [Server thread/INFO]: /near: Lists the players near by or around a player.
[18:22:43] [Server thread/INFO]: /nick: Change your nickname or that of another player.
[18:22:43] [Server thread/INFO]: /nuke: May death rain upon them.
[18:22:43] [Server thread/INFO]: /op: A Mojang provided command.
[18:22:43] [Server thread/INFO]: /paper: Paper related commands
[18:22:43] [Server thread/INFO]: /paper:spark: 
[18:22:43] [Server thread/INFO]: /pardon-ip: A Mojang provided command.
[18:22:43] [Server thread/INFO]: /particle: A Mojang provided command.
[18:22:43] [Server thread/INFO]: /pay: Pays another player from your balance.
[18:22:43] [Server thread/INFO]: /payconfirmtoggle: Toggles whether you are prompted to confirm payments.
[18:22:43] [Server thread/INFO]: /paytoggle: Toggles whether you are accepting payments.
[18:22:43] [Server thread/INFO]: /perf: A Mojang provided command.
[18:22:43] [Server thread/INFO]: /ping: Pong!
[18:22:43] [Server thread/INFO]: /place: A Mojang provided command.
[18:22:43] [Server thread/INFO]: /playsound: A Mojang provided command.
[18:22:43] [Server thread/INFO]: /playtime: Shows a player's time played in game
[18:22:43] [Server thread/INFO]: /plugins: Gets a list of plugins running on the server
[18:22:43] [Server thread/INFO]: /potion: Adds custom potion effects to a potion.
[18:22:43] [Server thread/INFO]: /powertool: Assigns a command to the item in hand.
[18:22:43] [Server thread/INFO]: /powertooltoggle: Enables or disables all current powertools.
[18:22:43] [Server thread/INFO]: /ptime: Adjust player's client time. Add @ prefix to fix.
[18:22:43] [Server thread/INFO]: /pweather: Adjust a player's weather
[18:22:43] [Server thread/INFO]: /r: Quickly reply to the last player to message you.
[18:22:43] [Server thread/INFO]: /random: A Mojang provided command.
[18:22:43] [Server thread/INFO]: /realname: Displays the username of a user based on nick.
[18:22:43] [Server thread/INFO]: /recipe: Displays how to craft items.
[18:22:43] [Server thread/INFO]: /reload: Reloads the server configuration and plugins
[18:22:43] [Server thread/INFO]: /remove: Removes entities in your world.
[18:22:43] [Server thread/INFO]: /renamehome: Renames a home.
[18:22:43] [Server thread/INFO]: /repair: Repairs the durability of one or all items.
[18:22:43] [Server thread/INFO]: /rest: Rests you or the given player.
[18:22:43] [Server thread/INFO]: /restart: Restarts the server
[18:22:43] [Server thread/INFO]: /ride: A Mojang provided command.
[18:22:43] [Server thread/INFO]: /rotate: A Mojang provided command.
[18:22:43] [Server thread/INFO]: /rtoggle: Change whether the recipient of the reply is last recipient or last sender
[18:22:43] [Server thread/INFO]: /rules: Views the server rules.
[18:22:43] [Server thread/INFO]: /save-all: A Mojang provided command.
[18:22:43] [Server thread/INFO]: /save-off: A Mojang provided command.
[18:22:43] [Server thread/INFO]: /save-on: A Mojang provided command.
[18:22:43] [Server thread/INFO]: /say: A Mojang provided command.
[18:22:43] [Server thread/INFO]: /schedule: A Mojang provided command.
[18:22:43] [Server thread/INFO]: /scoreboard: A Mojang provided command.
[18:22:43] [Server thread/INFO]: /seed: A Mojang provided command.
[18:22:43] [Server thread/INFO]: /seen: Shows the last logout time of a player.
[18:22:43] [Server thread/INFO]: /sell: Sells the item currently in your hand.
[18:22:43] [Server thread/INFO]: /sellall: Sell all items from your inventory, hand items or specific items
[18:22:43] [Server thread/INFO]: /sellgui: Opens the sell GUI
[18:22:43] [Server thread/INFO]: /setblock: A Mojang provided command.
[18:22:43] [Server thread/INFO]: /sethome: Set your home to your current location.
[18:22:43] [Server thread/INFO]: /setidletimeout: A Mojang provided command.
[18:22:43] [Server thread/INFO]: /setjail: Creates a jail where you specified named [jailname].
[18:22:43] [Server thread/INFO]: /settpr: Set the random teleport location and parameters.
[18:22:43] [Server thread/INFO]: /setwarp: Creates a new warp.
[18:22:43] [Server thread/INFO]: /setworldspawn: A Mojang provided command.
[18:22:43] [Server thread/INFO]: /setworth: Set the sell value of an item.
[18:22:43] [Server thread/INFO]: /shop: Opens the server shop
[18:22:43] [Server thread/INFO]: /shopgive: Give a shop item to a player
[18:22:43] [Server thread/INFO]: /showkit: Show contents of a kit.
[18:22:43] [Server thread/INFO]: /skull: Set the owner of a player skull
[18:22:43] [Server thread/INFO]: /smithingtable: Opens up a smithing table.
[18:22:43] [Server thread/INFO]: /socialspy: Toggles if you can see msg/mail commands in chat.
[18:22:43] [Server thread/INFO]: /spark: 
[18:22:43] [Server thread/INFO]: /spawner: Change the mob type of a spawner.
[18:22:43] [Server thread/INFO]: /spawnmob: Spawns a mob.
[18:22:43] [Server thread/INFO]: /spawnpoint: A Mojang provided command.
[18:22:43] [Server thread/INFO]: /spectate: A Mojang provided command.
[18:22:43] [Server thread/INFO]: /speed: Change your speed limits.
[18:22:43] [Server thread/INFO]: /spigot: Spigot related commands
[18:22:43] [Server thread/INFO]: /spreadplayers: A Mojang provided command.
[18:22:43] [Server thread/INFO]: /sreload: Reloads the plugin
[18:22:43] [Server thread/INFO]: /stonecutter: Opens up a stonecutter.
[18:22:43] [Server thread/INFO]: /stop: A Mojang provided command.
[18:22:43] [Server thread/INFO]: /stopsound: A Mojang provided command.
[18:22:43] [Server thread/INFO]: /sudo: Make another user perform a command.
[18:22:43] [Server thread/INFO]: /suicide: Causes you to perish.
[18:22:43] [Server thread/INFO]: /summon: A Mojang provided command.
[18:22:43] [Server thread/INFO]: /tag: A Mojang provided command.
[18:22:43] [Server thread/INFO]: /team: A Mojang provided command.
[18:22:43] [Server thread/INFO]: /teammsg: A Mojang provided command.
[18:22:43] [Server thread/INFO]: /tellraw: A Mojang provided command.
[18:22:43] [Server thread/INFO]: /tempban: Temporary ban a user.
[18:22:43] [Server thread/INFO]: /tempbanip: Temporarily ban an IP Address.
[18:22:43] [Server thread/INFO]: /thunder: Enable/disable thunder.
[18:22:43] [Server thread/INFO]: /tick: A Mojang provided command.
[18:22:43] [Server thread/INFO]: /time: Display/Change the world time. Defaults to current world.
[18:22:43] [Server thread/INFO]: /timings: Manages Spigot Timings data to see performance of the server.
[18:22:43] [Server thread/INFO]: /title: A Mojang provided command.
[18:22:43] [Server thread/INFO]: /tm: A Mojang provided command.
[18:22:43] [Server thread/INFO]: /togglejail: Jails/Unjails a player, TPs them to the jail specified.
[18:22:43] [Server thread/INFO]: /top: Teleport to the highest block at your current position.
[18:22:43] [Server thread/INFO]: /tp: Teleport to a player.
[18:22:43] [Server thread/INFO]: /tpa: Request to teleport to the specified player.
[18:22:43] [Server thread/INFO]: /tpaall: Requests all players online to teleport to you.
[18:22:43] [Server thread/INFO]: /tpacancel: Cancel all outstanding teleport requests. Specify [player] to cancel requests with them.
[18:22:43] [Server thread/INFO]: /tpaccept: Accepts teleport requests.
[18:22:43] [Server thread/INFO]: /tpahere: Request that the specified player teleport to you.
[18:22:43] [Server thread/INFO]: /tpall: Teleport all online players to another player.
[18:22:43] [Server thread/INFO]: /tpauto: Automatically accept teleportation requests.
[18:22:43] [Server thread/INFO]: /tpdeny: Rejects teleport requests.
[18:22:43] [Server thread/INFO]: /tphere: Teleport a player to you.
[18:22:43] [Server thread/INFO]: /tpo: Teleport override for tptoggle.
[18:22:43] [Server thread/INFO]: /tpoffline: Teleport to a player's last known logout location
[18:22:43] [Server thread/INFO]: /tpohere: Teleport here override for tptoggle.
[18:22:43] [Server thread/INFO]: /tppos: Teleport to coordinates.
[18:22:43] [Server thread/INFO]: /tpr: Teleport randomly.
[18:22:43] [Server thread/INFO]: /tps: Gets the current ticks per second for the server
[18:22:43] [Server thread/INFO]: /tptoggle: Blocks all forms of teleportation.
[18:22:43] [Server thread/INFO]: /transfer: A Mojang provided command.
[18:22:43] [Server thread/INFO]: /tree: Spawn a tree where you are looking.
[18:22:43] [Server thread/INFO]: /trigger: A Mojang provided command.
[18:22:43] [Server thread/INFO]: /unban: Unbans the specified player.
[18:22:43] [Server thread/INFO]: /unbanip: Unbans the specified IP address.
[18:22:43] [Server thread/INFO]: /unlimited: Allows the unlimited placing of items.
[18:22:43] [Server thread/INFO]: /vanish: Hide yourself from other players.
[18:22:43] [Server thread/INFO]: /vault-convert: Converts all data in economy1 and dumps it into economy2
[18:22:43] [Server thread/INFO]: /vault-info: Displays information about Vault
[18:22:43] [Server thread/INFO]: /version: Gets the version of this server including any plugins in use
[18:22:43] [Server thread/INFO]: /viaversion: Shows ViaVersion Version and more.
[18:22:43] [Server thread/INFO]: /warp: List all warps or warp to the specified location.
[18:22:43] [Server thread/INFO]: /warpinfo: Finds location information for a specified warp.
[18:22:43] [Server thread/INFO]: /weather: Sets the weather.
[18:22:43] [Server thread/INFO]: /whitelist: A Mojang provided command.
[18:22:43] [Server thread/INFO]: /whois: Determine basic information about the specified player.
[18:22:43] [Server thread/INFO]: /workbench: Opens up a workbench.
[18:22:43] [Server thread/INFO]: /world: Switch between worlds.
[18:22:43] [Server thread/INFO]: /worldborder: A Mojang provided command.
[18:22:43] [Server thread/INFO]: /worth: Calculates the worth of items in hand or as specified.
[18:22:46] [Server thread/INFO]: [Essentials] CONSOLE issued server command: /world 
[18:22:46] [Server thread/INFO]: Error: Only in-game players can use world.
[18:22:54] [Server thread/INFO]: [Vault] Vault v1.7.3-b131 Information
[18:22:54] [Server thread/INFO]: [Vault] Economy: EssentialsX Economy [EssentialsX Economy, Essentials Economy]
[18:22:54] [Server thread/INFO]: [Vault] Permission: SuperPerms [SuperPerms]
[18:22:54] [Server thread/INFO]: [Vault] Chat: None [null]
[18:23:13] [Server thread/INFO]: [Essentials] CONSOLE issued server command: /info 
[18:23:13] [Server thread/INFO]:  ---- Info -- Page 1/3 ----
[18:23:13] [Server thread/INFO]: This is the info file.
[18:23:13] [Server thread/INFO]: 
[18:23:13] [Server thread/INFO]: This file format works with the following files:
[18:23:13] [Server thread/INFO]: info.txt, motd.txt, help.txt, custom.txt and rules.txt
[18:23:13] [Server thread/INFO]: 
[18:23:13] [Server thread/INFO]: You can create a specific file for a user or a group:
[18:23:13] [Server thread/INFO]: Name it info_username.txt or info_groupname.txt
[18:23:13] [Server thread/INFO]: 
[18:23:13] [Server thread/INFO]: This also works with the other files.
[18:23:13] [Server thread/INFO]: Type /info 2 to read the next page.
[18:23:30] [Server thread/INFO]: [Essentials] CONSOLE issued server command: /info 2
[18:23:30] [Server thread/INFO]:  ---- Info -- Page 2/3 ----
[18:23:30] [Server thread/INFO]: 
[18:23:30] [Server thread/INFO]: Extra pages:
[18:23:30] [Server thread/INFO]: Type /info Colors
[18:23:30] [Server thread/INFO]: Type /info Tags
[18:23:30] [Server thread/INFO]: 
[18:23:30] [Server thread/INFO]: If you have problem viewing this file ingame, try using /einfo.
[18:23:30] [Server thread/INFO]: If this works, it means another command is blocking /info.
[18:23:30] [Server thread/INFO]: 
[18:23:30] [Server thread/INFO]: It can contain chapters like the Chapter1 below:
[18:23:30] [Server thread/INFO]: Type /info 3 to read the next page.
[18:23:34] [Server thread/INFO]: [Essentials] CONSOLE issued server command: /info 3
[18:23:34] [Server thread/INFO]:  ---- Info -- Page 3/3 ----
[18:23:34] [Server thread/INFO]: 
[18:25:01] [Server thread/INFO]: Stopping the server
[18:25:01] [Server thread/INFO]: Stopping server
[18:25:01] [Server thread/INFO]: [EconomyShopGUI] Disabling EconomyShopGUI v6.16.3
[18:25:01] [Server thread/INFO]: [ViaRewind-Legacy-Support] Disabling ViaRewind-Legacy-Support v1.5.2
[18:25:01] [Server thread/INFO]: [Essentials] Disabling Essentials v2.21.2
[18:25:01] [Server thread/INFO]: [Vault] [Economy] Essentials Economy unhooked.
[18:25:01] [Server thread/INFO]: [ViaRewind] Disabling ViaRewind v4.1.1
[18:25:01] [Server thread/INFO]: [Vault] Disabling Vault v1.7.3-b131
[18:25:01] [Server thread/INFO]: [ViaBackwards] Disabling ViaBackwards v5.9.2-SNAPSHOT
[18:25:01] [Server thread/INFO]: [ViaVersion] Disabling ViaVersion v5.9.2-SNAPSHOT
[18:25:01] [Server thread/INFO]: [ViaVersion] ViaVersion has been disabled; uninjected the platform and shut down the scheduler.
[18:25:01] [Server thread/INFO]: Saving players
[18:25:01] [Server thread/INFO]: Saving worlds
[18:25:01] [Server thread/INFO]: Saving chunks for level 'ServerLevel[world]'/minecraft:overworld
[18:25:01] [Server thread/INFO]: [ChunkHolderManager] Waiting 60s for chunk system to halt for world 'world'
[18:25:01] [Server thread/INFO]: [ChunkHolderManager] Halted chunk system for world 'world'
[18:25:01] [Server thread/INFO]: [ChunkHolderManager] Saving all chunkholders for world 'world'
[18:25:03] [Server thread/INFO]: [ChunkHolderManager] Saved 841 block chunks, 49 entity chunks, 5 poi chunks in world 'world' in 1.85s
[18:25:03] [Server thread/INFO]: [ChunkHolderManager] Waiting 60s for chunk I/O to halt for world 'world'
[18:25:03] [Server thread/INFO]: [ChunkHolderManager] Halted I/O scheduler for world 'world'
[18:25:03] [Server thread/INFO]: Saving chunks for level 'ServerLevel[world_nether]'/minecraft:the_nether
[18:25:03] [Server thread/INFO]: [ChunkHolderManager] Waiting 60s for chunk system to halt for world 'world_nether'
[18:25:03] [Server thread/INFO]: [ChunkHolderManager] Halted chunk system for world 'world_nether'
[18:25:03] [Server thread/INFO]: [ChunkHolderManager] Saving all chunkholders for world 'world_nether'
[18:25:03] [Server thread/INFO]: [ChunkHolderManager] Saved 841 block chunks, 49 entity chunks, 0 poi chunks in world 'world_nether' in 0.75s
[18:25:03] [Server thread/INFO]: [ChunkHolderManager] Waiting 60s for chunk I/O to halt for world 'world_nether'
[18:25:03] [Server thread/INFO]: [ChunkHolderManager] Halted I/O scheduler for world 'world_nether'
[18:25:03] [Server thread/INFO]: Saving chunks for level 'ServerLevel[world_the_end]'/minecraft:the_end
[18:25:03] [Server thread/INFO]: [ChunkHolderManager] Waiting 60s for chunk system to halt for world 'world_the_end'
[18:25:03] [Server thread/INFO]: [ChunkHolderManager] Halted chunk system for world 'world_the_end'
[18:25:03] [Server thread/INFO]: [ChunkHolderManager] Saving all chunkholders for world 'world_the_end'
[18:25:04] [Server thread/INFO]: [ChunkHolderManager] Saved 841 block chunks, 49 entity chunks, 0 poi chunks in world 'world_the_end' in 0.67s
[18:25:04] [Server thread/INFO]: [ChunkHolderManager] Waiting 60s for chunk I/O to halt for world 'world_the_end'
[18:25:04] [Server thread/INFO]: [ChunkHolderManager] Halted I/O scheduler for world 'world_the_end'
[18:25:04] [Server thread/INFO]: ThreadedAnvilChunkStorage (world): All chunks are saved
[18:25:04] [Server thread/INFO]: ThreadedAnvilChunkStorage (DIM-1): All chunks are saved
[18:25:04] [Server thread/INFO]: ThreadedAnvilChunkStorage (DIM1): All chunks are saved
[18:25:04] [Server thread/INFO]: ThreadedAnvilChunkStorage: All dimensions are saved
[18:25:04] [Server thread/INFO]: Waiting for I/O tasks to complete...
[18:25:04] [Server thread/INFO]: All I/O tasks to complete
[18:25:04] [Server thread/INFO]: [MoonriseCommon] Awaiting termination of worker pool for up to 60s...
[18:25:04] [Server thread/INFO]: [MoonriseCommon] Awaiting termination of I/O pool for up to 60s...
